// Jest Snapshot v1, https://goo.gl/fbAQLP

exports[`renders correctly 1`] = `
<div
  className="noRouteFound-container"
>
  <h2>
    Não há nenhuma rota com o caminho de 
    <code>
      localhost:3000/anything
    </code>
  </h2>
</div>
`;
